<?xml version="1.0" encoding="utf-8"?><testsuites name="pytest tests"><testsuite name="pytest" errors="0" failures="1" skipped="0" tests="1" time="1.314" timestamp="2025-08-08T18:37:32.359916+05:30" hostname="LTIN596079"><testcase classname="tests.pos_automation.test_01_basic_cash_sale_data_driven.TestBasicCashSaleDataDriven" name="test_add_single_item_complete_with_cash_data_driven" time="0.041"><failure message="AssertionError: Scenario data not loaded&#10;assert None is not None&#10; +  where None = &lt;utils.pos_base.POSAutomation object at 0x000002794D64E660&gt;.scenario_data">E   AssertionError: Scenario data not loaded
    assert None is not None
     +  where None = &lt;utils.pos_base.POSAutomation object at 0x000002794D64E660&gt;.scenario_data</failure></testcase></testsuite></testsuites>