GitHub Actions Connection Test Completed!
Date: 08/08/2025 18:36:25
Status: Connection Established
Framework: POS Automation

=== Test Execution Results ===
 Framework components loaded successfully
 CSV data management working
 Test discovery successful
 POS test failed (expected - no POS app)
 CI/CD pipeline validated
